LISTING FOR LOGIC DESCRIPTION FILE: SDCARD.pld                       Page 1

CUPL(WM): Universal Compiler for Programmable Logic
Version 5.0a Serial# 60008009
Copyright (c) 1983, 1998 Logical Devices, Inc.
Created Mon Nov 23 17:21:31 2020

  1:Name     SDCardController ;
  2:PartNo   00 ;
  3:Date     11/14/2020 ;
  4:Revision 01 ;
  5:Designer Peter Hall ;
  6:Company  none ;
  7:Assembly None ;
  8:Location  ;
  9:Device   g16v8a;
 10:
 11:/* *************** INPUT PINS *********************/
 12:Pin  1   =   a0a; /*                                 */ 
 13:Pin  2   =   a1a; /*                                 */ 
 14:Pin  3   =   a2a; /*                                 */ 
 15:Pin  4   =   a3a; /*                                 */ 
 16:Pin  5   =   _ioreq; /*   */
 17:Pin  6   =   _rfrsh; /*                              */ 
 18:/* pins 13 - 18 have feedback paths in complex mode*/
 19:
 20:/* *************** OUTPUT PINS *********************/
 21:Pin  19  =   !sdactive; /*                                 */ 
 22:Pin  18  =   !serialactive;
 23:
 24:
 25:serialactive    =       !_ioreq & _rfrsh & a0a & !a1a & !a2a & !a3a;
 26:sdactive        =       !_ioreq & _rfrsh & a0a & !a1a &  a2a & !a3a;
 27:
 28:



Jedec Fuse Checksum       (1087)
Jedec Transmit Checksum   (804c)
